<html>
<body>
<pre>
<h1>µVision Build Log</h1>
<h2>Tool Versions:</h2>
IDE-Version: ¦ÌVision V5.14.2
Copyright (C) 2015 ARM Ltd and ARM Germany GmbH. All rights reserved.
License Information: Cortex-M3, 111, LIC=----
 
Tool Versions:
Toolchain:       MDK-Lite  Version: 5.14.0.0
Toolchain Path:  E:\keil\Core\ARM\ARMCC\Bin
C Compiler:      Armcc.exe V5.05 update 1 (build 106)
Assembler:       Armasm.exe V5.05 update 1 (build 106)
Linker/Locator:  ArmLink.exe V5.05 update 1 (build 106)
Library Manager: ArmAr.exe V5.05 update 1 (build 106)
Hex Converter:   FromElf.exe V5.05 update 1 (build 106)
CPU DLL:         SARMCM3.DLL V5.14.0.0
Dialog DLL:      DCM.DLL V1.13.1.0
Target DLL:      STLink\ST-LINKIII-KEIL_SWO.dll V2.0.14.0_KEIL
Dialog DLL:      TCM.DLL V1.14.4.0
 
<h2>Project:</h2>
F:\STM32\STM32+DHT11+OLED\stm32ÎÂÊª¶ÈOLED\project.uvprojx
Project File Date:  03/26/2024

<h2>Output:</h2>
*** Using Compiler 'V5.05 update 1 (build 106)', folder: 'E:\keil\Core\ARM\ARMCC\Bin'
Rebuild target 'Target 1'
compiling core_cm3.c...
compiling system_stm32f10x.c...
assembling startup_stm32f10x_md.s...
compiling misc.c...
compiling stm32f10x_adc.c...
compiling stm32f10x_bkp.c...
compiling stm32f10x_can.c...
compiling stm32f10x_cec.c...
compiling stm32f10x_crc.c...
compiling stm32f10x_dac.c...
compiling stm32f10x_dbgmcu.c...
compiling stm32f10x_dma.c...
compiling stm32f10x_exti.c...
compiling stm32f10x_flash.c...
compiling stm32f10x_fsmc.c...
compiling stm32f10x_gpio.c...
compiling stm32f10x_i2c.c...
compiling stm32f10x_iwdg.c...
compiling stm32f10x_pwr.c...
compiling stm32f10x_rcc.c...
compiling stm32f10x_rtc.c...
compiling stm32f10x_sdio.c...
compiling stm32f10x_spi.c...
compiling stm32f10x_tim.c...
compiling stm32f10x_usart.c...
compiling stm32f10x_wwdg.c...
compiling Delay.c...
compiling sys.c...
compiling main.c...
compiling stm32f10x_it.c...
compiling OLED.c...
compiling dht11.c...
compiling FMQ.c...
compiling Serial.c...
compiling OELD_Data.c...
linking...
Program Size: Code=7716 RO-data=2896 RW-data=28 ZI-data=2052  
".\Objects\project.axf" - 0 Error(s), 0 Warning(s).

<h2>Collection of Component include folders:</h2>
  F:\STM32\STM32+DHT11+OLED\stm32ÎÂÊª¶ÈOLED\RTE
  E:\keil\Pack\Keil\STM32F1xx_DFP\1.0.5\Device\Include

<h2>Collection of Component Files used:</h2>
</pre>
</body>
</html>
